#-----------------------------------------------------------
# Webtalk v2020.1 (64-bit)
# SW Build 2902540 on Wed May 27 19:54:49 MDT 2020
# IP Build 2902112 on Wed May 27 22:43:36 MDT 2020
# Start of session at: Fri Dec  4 23:22:06 2020
# Process ID: 6892
# Current directory: C:/Users/walto/Desktop/School/2020-Fall/COMPE-470/Project/Verilog_Project/remote_pwm.sim/sim_1/behav/xsim
# Command line: wbtcv.exe -mode batch -source C:/Users/walto/Desktop/School/2020-Fall/COMPE-470/Project/Verilog_Project/remote_pwm.sim/sim_1/behav/xsim/xsim.dir/tb_SSPI_behav/webtalk/xsim_webtalk.tcl -notrace
# Log file: C:/Users/walto/Desktop/School/2020-Fall/COMPE-470/Project/Verilog_Project/remote_pwm.sim/sim_1/behav/xsim/webtalk.log
# Journal file: C:/Users/walto/Desktop/School/2020-Fall/COMPE-470/Project/Verilog_Project/remote_pwm.sim/sim_1/behav/xsim\webtalk.jou
#-----------------------------------------------------------
source C:/Users/walto/Desktop/School/2020-Fall/COMPE-470/Project/Verilog_Project/remote_pwm.sim/sim_1/behav/xsim/xsim.dir/tb_SSPI_behav/webtalk/xsim_webtalk.tcl -notrace
